// Jest Snapshot v1, https://goo.gl/fbAQLP

exports[`Recipient List component matches snapshot 1`] = `
<div
  className="RecipientsList__List-gBzREO kPrxLW"
>
  <select
    onChange={[Function]}
    value="first-contact"
  >
    <option
      value="first-contact"
    >
      Tony Stark
      ( 
      ironman@starkindustries.com
      )
    </option>
    <option
      value="second-contact"
    >
      Steve Rogers
      ( 
      cap@gmail.com
      )
    </option>
  </select>
</div>
`;
